// Jest Snapshot v1, https://goo.gl/fbAQLP

exports[`The sign in component will render 1`] = `
<Fragment>
  <div
    className="modal-overlay"
  />
  <div
    className="signinmodal signshow"
    onBlur={[Function]}
    role="menuitem"
    tabIndex={0}
  >
    <Connect(LoginButtons)
      guest={[Function]}
    />
  </div>
</Fragment>
`;
