// Jest Snapshot v1, https://goo.gl/fbAQLP

exports[`The sign in component will render 1`] = `
<Fragment>
  <div
    className="modal-overlay"
  />
  <ForwardRef(Card)
    onBlur={[Function]}
    tabIndex={0}
  >
    <Connect(LoginButtons)
      guest={[Function]}
    />
  </ForwardRef(Card)>
</Fragment>
`;
