// Jest Snapshot v1, https://goo.gl/fbAQLP

exports[`The Modal Header will render 1`] = `
<ForwardRef(CardHeader)
  action={
    <React.Fragment>
      <Styled(ForwardRef(Badge))
        badgeContent={1}
        color="primary"
        name="comments"
        showZero={true}
      >
        <ForwardRef(IconButton)
          onClick={[MockFunction]}
          onMouseDown={[Function]}
        >
          <Memo
            style={
              {
                "fontSize": "1.7em",
              }
            }
          />
        </ForwardRef(IconButton)>
      </Styled(ForwardRef(Badge))>
      <Styled(ForwardRef(Badge))
        badgeContent={2}
        color="secondary"
        name="pin"
        showZero={true}
      >
        <GetAction
          deletePin={[MockFunction]}
          element={
            {
              "AIgenerated": false,
              "_id": "1",
              "comments": [
                {
                  "_id": "Comment_id_1",
                  "comment": "Test comment",
                  "createdAt": "2021-07-28T16:30:48.572Z",
                  "displayName": "tester-displayName",
                  "userId": "Comment_User_Id_1",
                },
              ],
              "createdAt": "2020-12-25T00:00:00.000+00:00",
              "hasSaved": false,
              "imgDescription": "imgDescription id-1",
              "imgLink": "imgLink id-1",
              "owner": {
                "name": "owner id-1",
                "service": "google",
                "userId": "1",
              },
              "owns": false,
              "savedBy": [
                {
                  "name": "savedBy - id-1",
                  "service": "google",
                  "userId": "1",
                },
                {
                  "name": "savedBy - id-1",
                  "service": "github",
                  "userId": "1",
                },
              ],
              "tags": [
                {
                  "_id": "tag_id_1",
                  "tag": "tag 1",
                },
                {
                  "_id": "tag_id_2",
                  "tag": "tag 2",
                },
              ],
            }
          }
          pinImage={[MockFunction]}
          reset={[MockFunction]}
        />
      </Styled(ForwardRef(Badge))>
    </React.Fragment>
  }
  subheader={
    <React.Fragment>
      <ProfileLink
        authenticated={true}
        closePin={[MockFunction]}
        displayLogin={[MockFunction]}
        title={
          <ForwardRef(Typography)
            noWrap={true}
            sx={
              {
                "color": "#3752ff",
                "fontSize": {
                  "md": "1.5rem",
                  "sm": "1.25rem",
                  "xs": "1rem",
                },
                "fontWeight": {
                  "xs": 900,
                },
              }
            }
          >
            owner id-1
          </ForwardRef(Typography)>
        }
        userId="1"
      />
      <div
        style={
          {
            "alignItems": "center",
            "display": "flex",
          }
        }
      >
        <ForwardRef(Typography)
          sx={
            {
              "fontSize": {
                "md": "1.25rem",
                "sm": "1rem",
                "xs": "0.75rem",
              },
              "fontWeight": {
                "xs": 600,
              },
              "marginLeft": 0,
            }
          }
        >
          25 Dec 2020
        </ForwardRef(Typography)>
      </div>
    </React.Fragment>
  }
  subheaderTypographyProps={
    {
      "maxWidth": 300,
    }
  }
  sx={
    {
      "background": "white",
    }
  }
  title="imgDescription id-1"
  titleTypographyProps={
    {
      "fontSize": {
        "md": "1.75rem",
        "sm": "1.5rem",
        "xs": "1.25rem",
      },
      "fontWeight": {
        "xs": 900,
      },
    }
  }
/>
`;

exports[`The styled badge Will render for comments 1`] = `
<ForwardRef(Badge)
  className="ForwardRef(Badge)-root-1 ForwardRef(Badge)-root-3"
  name="comments"
/>
`;

exports[`The styled badge Will render for pins 1`] = `
<ForwardRef(Badge)
  className="ForwardRef(Badge)-root-1 ForwardRef(Badge)-root-2"
  name="pin"
/>
`;
