// Jest Snapshot v1, https://goo.gl/fbAQLP

exports[`The search component Will render only search Icon if not selected by the user 1`] = `
<div
  className="search"
>
  <ForwardRef(Tooltip)
    placement="bottom"
    title="Search by description or owner"
  >
    <Memo(ForwardRef(SearchIcon))
      onClick={[MockFunction]}
      sx={
        Object {
          "cursor": "pointer",
          "fontSize": 35,
          "justifySelf": "flex-end",
        }
      }
    />
  </ForwardRef(Tooltip)>
</div>
`;

exports[`The search component Will render search bar if selected by the user 1`] = `
<div
  style={
    Object {
      "alignItems": "center",
      "display": "flex",
      "justifyContent": "space-around",
      "marginLeft": "auto",
      "marginRight": "auto",
    }
  }
>
  <Memo(ForwardRef(ArrowBackIcon))
    id="back"
    onClick={[Function]}
    sx={
      Object {
        "cursor": "pointer",
        "fontSize": 35,
      }
    }
  />
  <ForwardRef(Paper)
    sx={
      Object {
        "background": "white",
        "height": "50px",
        "marginLeft": 3,
        "marginRight": 3,
        "p": "2px 4px",
        "width": "200px",
      }
    }
    variant="string"
  >
    <ForwardRef(InputBase)
      inputProps={
        Object {
          "aria-label": "search",
        }
      }
      onChange={[Function]}
      placeholder="Search..."
      sx={
        Object {
          "height": "100%",
          "width": "100%",
        }
      }
      value=""
    />
  </ForwardRef(Paper)>
  <Memo(ForwardRef(HighlightOffIcon))
    id="clear-search"
    onClick={[Function]}
    style={
      Object {
        "cursor": "pointer",
        "fontSize": 35,
        "visibility": "hidden",
      }
    }
  />
</div>
`;
