// Jest Snapshot v1, https://goo.gl/fbAQLP

exports[`The Mypins Component Mypins landing page will render 1`] = `
<Fragment>
  <div>
    <div
      id="mypinframe"
    >
      <div
        style={
          Object {
            "alignItems": "center",
            "display": "flex",
            "flexDirection": "column",
            "justifyContent": "center",
            "marginTop": 80,
          }
        }
      >
        <ForwardRef(Typography)
          variant="h4"
        >
          tester displayname
        </ForwardRef(Typography)>
        <div
          style={
            Object {
              "alignItems": "center",
              "display": "flex",
            }
          }
        />
      </div>
      <div
        id="creatpinwrapper"
        onClick={[Function]}
        onKeyDown={[Function]}
        role="button"
        tabIndex={0}
      >
        <div
          id="createpin"
        >
          <i
            aria-hidden="true"
            className="fa fa-plus-circle"
          />
        </div>
        <h3
          id="createpintext"
        >
          Create Pin
        </h3>
      </div>
    </div>
    <ImageBuild
      deletePin={[Function]}
      displayPinZoom={false}
      imagesLoaded={false}
      layoutComplete={[Function]}
      onBrokenImage={[Function]}
      pinEnlarge={[Function]}
      pinImage={null}
      pinList={
        Array [
          Object {
            "_id": 2,
            "createdAt": "2020-12-25T00:00:00.000+00:00",
            "hasSaved": true,
            "imgDescription": "imgDescription id-2",
            "imgLink": "imgLink id-2",
            "owner": "owner id-2",
            "owns": false,
            "savedBy": Array [
              "savedBy - id-2",
              "savedBy2 - id-2",
            ],
          },
          Object {
            "_id": 3,
            "createdAt": "2020-12-25T00:00:00.000+00:00",
            "hasSaved": false,
            "imgDescription": "imgDescription id-3",
            "imgLink": "imgLink id-3",
            "owner": "owner id-3",
            "owns": true,
            "savedBy": Array [
              "savedBy - id-3",
              "savedBy2 - id-3",
            ],
          },
        ]
      }
      resetModal={[Function]}
      zoomInfo={Array []}
    />
    <ForwardRef(Dialog)
      aria-describedby="alert-dialog-description"
      aria-labelledby="alert-dialog-title"
      open={false}
    >
      <ForwardRef(DialogTitle)
        id="alert-dialog-title"
      >
        Permanently delete false?
      </ForwardRef(DialogTitle)>
      <ForwardRef(DialogActions)>
        <ForwardRef(Button)
          id="cancel-delete-alert"
          onClick={[Function]}
        >
          Cancel
        </ForwardRef(Button)>
        <ForwardRef(Button)
          autoFocus={true}
          id="resume-delete-alert"
          onClick={[Function]}
        >
          Delete
        </ForwardRef(Button)>
      </ForwardRef(DialogActions)>
    </ForwardRef(Dialog)>
  </div>
</Fragment>
`;
