// Jest Snapshot v1, https://goo.gl/fbAQLP

exports[`The pin creation modal will render 1`] = `
<Fragment>
  <div
    className="pin-create-modal-overlay"
  />
  <ForwardRef(Card)
    className="pincreate cshow"
    sx={
      Object {
        "height": 706.5600000000001,
        "width": 341.3333333333333,
      }
    }
  >
    <ForwardRef(CardHeader)
      action={
        <ForwardRef(IconButton)
          aria-label="settings"
          onClick={[Function]}
        >
          <Memo
            style={
              Object {
                "color": "#3a1c1cde",
                "fontSize": "1.5em",
              }
            }
          />
        </ForwardRef(IconButton)>
      }
      title="Create Pin"
      titleTypographyProps={
        Object {
          "fontSize": "1.5em",
          "fontWeight": "bold",
        }
      }
    />
    <ForwardRef(CardMedia)
      component="img"
      id="new-pin-image"
      image="load-error.png"
      onError={[Function]}
      sx={
        Object {
          "height": 367.41120000000006,
          "objectFit": "contain",
        }
      }
    />
    <div
      style={
        Object {
          "display": "flex",
          "flexDirection": "column",
          "justifyContent": "space-evenly",
          "marginTop": "5vh",
          "position": "absolute",
          "top": 423.93600000000004,
          "width": "100%",
        }
      }
    >
      <ForwardRef(TextField)
        color="success"
        error={true}
        id="pin-description"
        label="Description..."
        maxLength="28"
        onChange={[Function]}
        style={
          Object {
            "margin": "1.5vh",
          }
        }
        value=""
        variant="standard"
      />
      <ForwardRef(TextField)
        color="success"
        error={true}
        id="pin-img-link"
        label="Paste image address here http://..."
        onChange={[Function]}
        style={
          Object {
            "margin": "1.5vh",
          }
        }
        value=""
        variant="standard"
      />
      <SavePin
        isDescriptionError={true}
        isDuplicateError={false}
        isImageError={true}
        savePic={[Function]}
      />
    </div>
  </ForwardRef(Card)>
</Fragment>
`;
