// Jest Snapshot v1, https://goo.gl/fbAQLP

exports[`The pin zoom modal will render 1`] = `
<div
  className="zoom chide"
  style={
    Object {
      "top": 80,
      "width": "90%",
    }
  }
>
  <div
    className="header"
  >
    <span
      id="zoomtitle"
    >
      <div
        id="zoomdesc"
      >
        imgDescription id-1
      </div>
      <div
        id="zoomowner"
      >
        owner id-1
      </div>
    </span>
    <span
      className=""
      id="zoomtack"
      title="savedBy - id-1, savedBy2 - id-1"
    >
      <i
        aria-hidden="true"
        className="fa fa-thumb-tack"
      />
        2
    </span>
    <i
      aria-hidden="true"
      className="fa fa-close"
      onClick={[Function]}
    />
  </div>
  <img
    alt=""
    className="pinzoom"
    onLoad={[Function]}
    src="imgLink id-1"
  />
  <div
    className="footer"
  >
    <HandleImage
      deletePin={null}
      element={
        Object {
          "_id": 1,
          "hasSaved": false,
          "imgDescription": "imgDescription id-1",
          "imgLink": "imgLink id-1",
          "owner": "owner id-1",
          "owns": false,
          "savedBy": Array [
            "savedBy - id-1",
            "savedBy2 - id-1",
          ],
        }
      }
      pinImage={[MockFunction]}
    />
  </div>
</div>
`;
