// Jest Snapshot v1, https://goo.gl/fbAQLP

exports[`The pin zoom modal will render 1`] = `
<Fragment>
  <div
    className="modal-overlay"
  />
  <ForwardRef(Card)
    className="zoom cshow"
    onBlur={[Function]}
    sx={
      Object {
        "top": 10,
        "width": undefined,
      }
    }
    tabIndex={0}
  >
    <ForwardRef(CardHeader)
      action={
        <React.Fragment>
          <Styled(ForwardRef(Badge))
            badgeContent={1}
            color="primary"
            name="comments"
            showZero={true}
          >
            <ForwardRef(IconButton)
              onClick={[Function]}
              onMouseDown={[Function]}
            >
              <Memo
                style={
                  Object {
                    "fontSize": "1.7em",
                  }
                }
              />
            </ForwardRef(IconButton)>
          </Styled(ForwardRef(Badge))>
          <Styled(ForwardRef(Badge))
            badgeContent={2}
            color="secondary"
            name="pin"
            showZero={true}
          >
            <GetAction
              deletePin={null}
              element={
                Object {
                  "_id": 1,
                  "comments": Array [
                    Object {
                      "_id": "Comment_id_1",
                      "comment": "Test comment",
                      "createdAt": "2021-07-28T16:30:48.572Z",
                      "displayName": "tester-displayName",
                    },
                  ],
                  "createdAt": "2020-12-25T00:00:00.000+00:00",
                  "hasSaved": false,
                  "imgDescription": "imgDescription id-1",
                  "imgLink": "imgLink id-1",
                  "owner": "owner id-1",
                  "owns": false,
                  "savedBy": Array [
                    "savedBy - id-1",
                    "savedBy2 - id-1",
                  ],
                }
              }
              pinImage={[MockFunction]}
              reset={[Function]}
            />
          </Styled(ForwardRef(Badge))>
        </React.Fragment>
      }
      subheader={
        <React.Fragment>
          <span>
            owner id-1
          </span>
          <br />
          <span
            style={
              Object {
                "fontSize": undefined,
                "marginLeft": 0,
              }
            }
          >
            25 Dec 2020
          </span>
        </React.Fragment>
      }
      subheaderTypographyProps={
        Object {
          "fontSize": undefined,
          "fontWeight": "bold",
        }
      }
      title="imgDescription ..."
      titleTypographyProps={
        Object {
          "fontSize": undefined,
          "fontWeight": "bold",
        }
      }
    />
    <ForwardRef(CardMedia)
      component="img"
      id="pin-zoom"
      image="imgLink id-1"
      onLoad={[Function]}
      sx={
        Object {
          "marginLeft": "auto",
          "marginRight": "auto",
          "width": undefined,
        }
      }
    />
  </ForwardRef(Card)>
</Fragment>
`;
