// Jest Snapshot v1, https://goo.gl/fbAQLP

exports[`The pinners dialog will render 1`] = `
<ForwardRef(Dialog)
  PaperProps={
    {
      "sx": {
        "position": "fixed",
        "top": 0,
      },
    }
  }
  disableAutoFocus={true}
  onClose={[MockFunction]}
  open={true}
>
  <ForwardRef(List)
    subheader={
      <ForwardRef(ListSubheader)
        sx={
          {
            "textAlign": "center",
          }
        }
      >
        Pinners
      </ForwardRef(ListSubheader)>
    }
    sx={
      {
        "pt": 0,
      }
    }
  >
    <ForwardRef(ListItem)
      key="1"
    >
      <ForwardRef(ListItemAvatar)>
        <ForwardRef(Avatar)
          sx={
            {
              "bgcolor": "#4285F4",
              "height": 26,
              "width": 26,
            }
          }
        >
          <Memo(ForwardRef(GoogleIcon))
            style={
              {
                "fontSize": 20,
              }
            }
          />
        </ForwardRef(Avatar)>
      </ForwardRef(ListItemAvatar)>
      <ProfileLink
        authenticated={false}
        closePin={[Function]}
        displayLogin={[MockFunction]}
        title={
          <ForwardRef(ListItemText)
            primary="savedBy - id-1"
          />
        }
        userId="1"
      />
    </ForwardRef(ListItem)>
    <ForwardRef(ListItem)
      key="1"
    >
      <ForwardRef(ListItemAvatar)>
        <ForwardRef(Avatar)
          sx={
            {
              "bgcolor": "#1d7b20",
              "height": 26,
              "width": 26,
            }
          }
        >
          <Memo(ForwardRef(GitHubIcon))
            style={
              {
                "fontSize": 20,
              }
            }
          />
        </ForwardRef(Avatar)>
      </ForwardRef(ListItemAvatar)>
      <ProfileLink
        authenticated={false}
        closePin={[Function]}
        displayLogin={[MockFunction]}
        title={
          <ForwardRef(ListItemText)
            primary="savedBy - id-1"
          />
        }
        userId="1"
      />
    </ForwardRef(ListItem)>
  </ForwardRef(List)>
</ForwardRef(Dialog)>
`;
