// Jest Snapshot v1, https://goo.gl/fbAQLP

exports[`will render 1`] = `
<div
  onFocus={[Function]}
  onMouseLeave={[Function]}
  onMouseOver={[Function]}
>
  <ForwardRef(CardMedia)
    component="img"
    id="pin-zoom"
    image="imgLink id-1"
    onLoad={[Function]}
    onMouseDown={[Function]}
    sx={
      {
        "background": "rgba(0, 0, 0, 0.1)",
        "height": 500,
        "marginLeft": "auto",
        "marginRight": "auto",
        "objectFit": "fill",
        "width": 622.5,
      }
    }
  />
</div>
`;
